// Jest Snapshot v1, https://goo.gl/fbAQLP

exports[`should render EditBook component correctly 1`] = `ShallowWrapper {}`;
