// Jest Snapshot v1, https://goo.gl/fbAQLP

exports[`should render UserInput component correctly 1`] = `ShallowWrapper {}`;
